../Core/Src/main.c:62:6:red_LED_task	16	static
../Core/Src/main.c:70:6:green_LED_task	16	static
../Core/Src/main.c:78:6:task1	16	static
../Core/Src/main.c:85:6:task2	16	static
../Core/Src/main.c:92:6:task3	16	static
../Core/Src/main.c:99:6:print_task	16	static
../Core/Src/main.c:111:5:main	16	static
../Core/Src/main.c:163:6:SystemClock_Config	88	static
../Core/Src/main.c:210:13:MX_SPI1_Init	8	static
../Core/Src/main.c:248:13:MX_USART2_UART_Init	8	static
../Core/Src/main.c:281:13:MX_GPIO_Init	56	static
../Core/Src/main.c:424:6:HAL_TIM_PeriodElapsedCallback	16	static
../Core/Src/main.c:442:6:Error_Handler	4	static,ignoring_inline_asm
