../Core/Src/main.c:75:5:main	16	static
../Core/Src/main.c:120:6:TaskMonitor_App	16	static
../Core/Src/main.c:127:7:Red_LED_App	24	static
../Core/Src/main.c:136:7:Green_LED_App	24	static
../Core/Src/main.c:145:7:Delay_App	24	static
../Core/Src/main.c:164:6:SystemClock_Config	88	static
../Core/Src/main.c:211:13:MX_USART2_UART_Init	8	static
../Core/Src/main.c:244:13:MX_GPIO_Init	56	static
../Core/Src/main.c:395:6:HAL_TIM_PeriodElapsedCallback	16	static
../Core/Src/main.c:413:6:Error_Handler	4	static,ignoring_inline_asm
