../Core/Src/main.c:86:6:MEMS_Write	16	static
../Core/Src/main.c:92:6:MEMS_Read	16	static
../Core/Src/main.c:99:6:LED_Task	24	static
../Core/Src/main.c:112:6:Green_LED_Task	16	static
../Core/Src/main.c:124:6:vHandlerTask	32	static
../Core/Src/main.c:152:6:HAL_GPIO_EXTI_Callback	24	static,ignoring_inline_asm
../Core/Src/main.c:170:5:main	16	static
../Core/Src/main.c:238:6:SystemClock_Config	88	static
../Core/Src/main.c:285:13:MX_SPI1_Init	8	static
../Core/Src/main.c:323:13:MX_GPIO_Init	56	static
../Core/Src/main.c:467:6:HAL_TIM_PeriodElapsedCallback	16	static
../Core/Src/main.c:484:6:Error_Handler	4	static,ignoring_inline_asm
